2025-08-21 01:36:56,172 - primeira_instancia - INFO - ============================================================
2025-08-21 01:36:56,172 - primeira_instancia - INFO - 🏛️ PRIMEIRA_INSTANCIA
2025-08-21 01:36:56,172 - primeira_instancia - INFO - 📋 CNPJ: 18.188.384/0001-83
2025-08-21 01:36:56,172 - primeira_instancia - INFO - ============================================================
2025-08-21 01:36:56,172 - TJSPOrquestrador - INFO - 🚀 Iniciando ScraperSegundaInstancia...
2025-08-21 01:36:56,173 - segunda_instancia - INFO - ============================================================
2025-08-21 01:36:56,173 - segunda_instancia - INFO - 🏛️ SEGUNDA_INSTANCIA
2025-08-21 01:36:56,173 - segunda_instancia - INFO - 📋 CNPJ: 18.188.384/0001-83
2025-08-21 01:36:56,173 - segunda_instancia - INFO - ============================================================
2025-08-21 01:36:56,173 - TJSPOrquestrador - INFO - 🚀 Iniciando ScraperColegioRecursal...
2025-08-21 01:36:56,173 - colegio_recursal - INFO - ============================================================
2025-08-21 01:36:56,174 - colegio_recursal - INFO - 🏛️ COLEGIO_RECURSAL
2025-08-21 01:36:56,174 - colegio_recursal - INFO - 📋 CNPJ: 18.188.384/0001-83
2025-08-21 01:36:56,174 - colegio_recursal - INFO - ============================================================
2025-08-21 01:36:56,341 - TJSPOrquestrador - ERROR - ❌ Erro em ScraperPrimeiraInstancia: BrowserType.launch: Executable doesn't exist at /ms-playwright/chromium-1117/chrome-linux/chrome
╔════════════════════════════════════════════════════════════╗
║ Looks like Playwright was just installed or updated.       ║
║ Please run the following command to download new browsers: ║
║                                                            ║
║     playwright install                                     ║
║                                                            ║
║ <3 Playwright Team                                         ║
╚════════════════════════════════════════════════════════════╝
2025-08-21 01:36:56,342 - TJSPOrquestrador - ERROR - ❌ Erro em ScraperSegundaInstancia: BrowserType.launch: Executable doesn't exist at /ms-playwright/chromium-1117/chrome-linux/chrome
╔════════════════════════════════════════════════════════════╗
║ Looks like Playwright was just installed or updated.       ║
║ Please run the following command to download new browsers: ║
║                                                            ║
║     playwright install                                     ║
║                                                            ║
║ <3 Playwright Team                                         ║
╚════════════════════════════════════════════════════════════╝
2025-08-21 01:36:56,342 - TJSPOrquestrador - ERROR - ❌ Erro em ScraperColegioRecursal: BrowserType.launch: Executable doesn't exist at /ms-playwright/chromium-1117/chrome-linux/chrome
╔════════════════════════════════════════════════════════════╗
║ Looks like Playwright was just installed or updated.       ║
║ Please run the following command to download new browsers: ║
║                                                            ║
║     playwright install                                     ║
║                                                            ║
║ <3 Playwright Team                                         ║
╚════════════════════════════════════════════════════════════╝
2025-08-21 01:36:56,343 - TJSPOrquestrador - INFO - 📊 Iniciando análise dos dados...
2025-08-21 01:36:56,637 - AnalisadorTJSP - INFO - ✅ Carregado primeira_instancia_tjsp.xlsx: 1269 processos
2025-08-21 01:36:56,722 - AnalisadorTJSP - INFO - ✅ Carregado segunda_instancia_tjsp.xlsx: 435 processos
2025-08-21 01:36:56,807 - AnalisadorTJSP - INFO - ✅ Carregado colegio_recursal_tjsp.xlsx: 500 processos
2025-08-21 01:36:56,807 - AnalisadorTJSP - INFO - 🔍 Iniciando análise completa...
2025-08-21 01:36:56,952 - TJSPOrquestrador - ERROR - ❌ Erro na análise: ' margin'
2025-08-21 01:36:56,953 - TJSPOrquestrador - ERROR - ❌ Erro geral: 'datetime.datetime' object has no attribute 'get'
2025-08-21 01:36:56,956 - NotificadorDesktop - INFO - ✅ Notificação desktop enviada
